system: System message
ai: OK
ai: Test 1
human: Test 2
system: Test 3
