System Messages:
system: System message
ai: OK
Chat Messages:
human: Test 1
ai: OK 1
human: Test 2
ai: OK 2
human: Test 3
ai: OK 3
Responses:
ai(26 - FinishReason.stop): OK 1
ai(36 - FinishReason.stop): OK 2
ai(46 - FinishReason.stop): OK 3
